git clone https://github.com/CiscoDevNet/python_code_samples_network.git
git status
git add filename
git commit -m "commit message"
git push
git pull

git config --list
git config --global user.name "abdulsheik"
git config --global user.email "s.a.khadar@gmail.com"

mkdir newProjAbdGitHub 
cd newProjAbdGitHub 
git  -- it will throw error
git init -- To make any local diretory as git repository use this command. it will create .get folder in main foler.
touch Git_commands.txt
git add Git_commands.txt
git status
git commit -m "Git_commands.txt added"
git status
git push -- it will through error
git remote show  -- run this command whether a remove repo is configured to this local repo
git remote -v --> dis play the remote code links in central location
git remote add origin https://github.com/abdulsheik/newProjAbdGitHub.git
git remote show
git remore -v
git push <nameoftheremote> <branchname> -- git push origin master

git pull origin master -- here origin is the remote name of local repo
git branch <branchname> -- to create a branch
git push origin <branchname> -- to push the branch to central repo
git push origin -d <branchname>  -- to delete a brach in local and central repo


git remote add origin https://github.com/abdulsheik/devopsTechdocs.git
git branch -M main
git push -u origin main

echo "# devopsTechdocs" >> README.md
git init
git add README.md
git commit -m "first commit"
git branch -M main
git remote add origin https://github.com/abdulsheik/devopsTechdocs.git
git push -u origin main

sakha@LAPTOP-VQ4CVDT6 MINGW64 /d/Git/devopsTechdocs
$ git init
Initialized empty Git repository in D:/Git/devopsTechdocs/.git/

sakha@LAPTOP-VQ4CVDT6 MINGW64 /d/Git/devopsTechdocs (master)
$ ll
total 0

sakha@LAPTOP-VQ4CVDT6 MINGW64 /d/Git/devopsTechdocs (master)
$ echo "# devopsTechdocs" >> README.md

sakha@LAPTOP-VQ4CVDT6 MINGW64 /d/Git/devopsTechdocs (master)
$ ll
total 1
-rw-r--r-- 1 sakha 197609 17 Jul 31 20:10 README.md

sakha@LAPTOP-VQ4CVDT6 MINGW64 /d/Git/devopsTechdocs (master)
$ git add README.md
warning: in the working copy of 'README.md', LF will be replaced by CRLF the next time Git touches it

sakha@LAPTOP-VQ4CVDT6 MINGW64 /d/Git/devopsTechdocs (master)
$ git commit -m "first commit"
[master (root-commit) de1041c] first commit
 1 file changed, 1 insertion(+)
 create mode 100644 README.md

sakha@LAPTOP-VQ4CVDT6 MINGW64 /d/Git/devopsTechdocs (master)
$ git branch -M main

sakha@LAPTOP-VQ4CVDT6 MINGW64 /d/Git/devopsTechdocs (main)
$ git remote add origin https://github.com/abdulsheik/devopsTechdocs.git

sakha@LAPTOP-VQ4CVDT6 MINGW64 /d/Git/devopsTechdocs (main)
$ git push -u origin main
Enumerating objects: 3, done.
Counting objects: 100% (3/3), done.
Writing objects: 100% (3/3), 229 bytes | 229.00 KiB/s, done.
Total 3 (delta 0), reused 0 (delta 0), pack-reused 0
To https://github.com/abdulsheik/devopsTechdocs.git
 * [new branch]      main -> main
branch 'main' set up to track 'origin/main'.

sakha@LAPTOP-VQ4CVDT6 MINGW64 /d/Git/devopsTechdocs (main)
$

sakha@LAPTOP-VQ4CVDT6 MINGW64 /d/Git/devopsTechdocs (main)
$ git status
On branch main
Your branch is up to date with 'origin/main'.

Untracked files:
  (use "git add <file>..." to include in what will be committed)
        Git_commands.txt

nothing added to commit but untracked files present (use "git add" to track)

sakha@LAPTOP-VQ4CVDT6 MINGW64 /d/Git/devopsTechdocs (main)
$ git add Git_commands.txt

sakha@LAPTOP-VQ4CVDT6 MINGW64 /d/Git/devopsTechdocs (main)
$ git status
On branch main
Your branch is up to date with 'origin/main'.

Changes to be committed:
  (use "git restore --staged <file>..." to unstage)
        new file:   Git_commands.txt


sakha@LAPTOP-VQ4CVDT6 MINGW64 /d/Git/devopsTechdocs (main)
$ git commit -m "Git_commands.txt add"
[main 452f2e3] Git_commands.txt add
 1 file changed, 45 insertions(+)
 create mode 100644 Git_commands.txt

sakha@LAPTOP-VQ4CVDT6 MINGW64 /d/Git/devopsTechdocs (main)
$ git status
On branch main
Your branch is ahead of 'origin/main' by 1 commit.
  (use "git push" to publish your local commits)

nothing to commit, working tree clean

sakha@LAPTOP-VQ4CVDT6 MINGW64 /d/Git/devopsTechdocs (main)
$ git push -u origin main
Enumerating objects: 4, done.
Counting objects: 100% (4/4), done.
Delta compression using up to 12 threads
Compressing objects: 100% (3/3), done.
Writing objects: 100% (3/3), 870 bytes | 870.00 KiB/s, done.
Total 3 (delta 0), reused 0 (delta 0), pack-reused 0
To https://github.com/abdulsheik/devopsTechdocs.git
   de1041c..452f2e3  main -> main
branch 'main' set up to track 'origin/main'.
